{
 "pocom_span_years": [
  1778,
  2025
 ],
 "counts": {
  "with_surname": 235218,
  "known": 189613,
  "unique": 130321,
  "several": 18729,
  "nobody": 40563
 },
 "docyear_vs_volume_band": {
  "in_band": 233872,
  "before_band": 1240,
  "after_band": 106
 },
 "nobody_by_decade_top": [
  [
   1940,
   13642
  ],
  [
   1930,
   6619
  ],
  [
   1920,
   4345
  ],
  [
   1910,
   3572
  ],
  [
   1860,
   3015
  ],
  [
   1950,
   2111
  ],
  [
   1890,
   2026
  ],
  [
   1880,
   1975
  ],
  [
   1900,
   1638
  ],
  [
   1870,
   1425
  ],
  [
   1850,
   87
  ],
  [
   1840,
   52
  ]
 ],
 "seward": {
  "known": 9551,
  "unique": 13,
  "('unique_year', 1875)": 13
 }
}
