== (a) position of intersection_sweep_side missed signatory-type mentions ==
  n=28 first-10%: 22 last-10%: 2
   (0.0, 'frus1864p2', 'd358', 'Mr. Seward', 'Mr. Seward to Lord Lyons . Departme')
   (0.0, 'frus1864p2', 'd47', 'Mr. Seward', 'Mr. Seward to Mr. Adams . No. 1008.')
   (0.0, 'frus1865p1', 'd366', 'Mr. Seward', 'Mr. Seward to Mr. Adams No. 1580.] ')
   (0.0, 'frus1865p1', 'd93', 'Mr. Seward', 'Mr. Seward to Mr. Adams No. 1273.] ')
   (0.0, 'frus1889', 'd129', 'Mr. Bayard', 'Mr. Bayard to Mr. Coleman . Departm')
   (0.0, 'frus1903', 'd367', 'Mr. Hay', 'Mr. Hay to Mr. von Holleben . De')
   (0.0, 'frus1903', 'd392', 'Mr. Hay', 'Mr. Hay to Mr. Tower . [Telegram')
   (0.002, 'frus1889', 'd119', 'Mr. Bayard', 'Mr. McLane to Mr. Bayard . [Extract.] Legation of')
   (0.004, 'frus1865p1', 'd93', 'Mr. Adams', 'Mr. Seward to Mr. Adams No. 1273.] Department of')
   (0.004, 'frus1888p2', 'd84', 'Mr. Bayard', 'No. 797. Mr. Bragg to Mr. Bayard . Legation of the United')
   (0.005, 'frus1865p1', 'd366', 'Mr. Adams', 'Mr. Seward to Mr. Adams No. 1580.] Department of')
   (0.005, 'frus1866p3', 'd206', 'Mr. Seward', 'Mr. Burton to Mr. Seward No. 280.] Legation of th')
   (0.005, 'frus1888p2', 'd396', 'Mr. Bayard', 'No. 1109. Mr. Bayard to Mr. Cardwell . Depart')
   (0.005, 'frus1888p2', 'd589', 'Mr. Bayard', 'No. 27. Mr. Bayard to Mr. Reuterskiöld . De')
   (0.005, 'frus1902', 'd364', 'Mr. Hay', 'Mr. Porter to Mr. Hay . Embassy of the United ')
   (0.006, 'frus1866p3', 'd175', 'Mr. Seward', 'Mr. Burton to Mr. Seward No. 221.] Legation of th')
   (0.009, 'frus1903', 'd822', 'Mr. Hay', 'Mr. Bowen to Mr. Hay . [Telegram.—Paraphrase.')
   (0.011, 'frus1864p2', 'd354', 'Mr. Seward', 'Lord Lyons to Mr. Seward . Washington , April 27,')
   (0.012, 'frus1864p2', 'd47', 'Mr. Adams', 'Mr. Seward to Mr. Adams . No. 1008.] Department ')
   (0.014, 'frus1902', 'd862', 'Mr. Hay', 'Mr. Riddle to Mr. Hay . Embassy of the United ')
   (0.032, 'frus1865p1', 'd280', 'Mr. Adams', '[Circular.] Mr. Seward to Mr. Adams Department of State, Was')
   (0.056, 'frus1903', 'd392', 'Mr. Hay', 'ate , Washington , December 26, 1902 . (Mr. Hay states that the Presiden')
   (0.16, 'frus1864p2', 'd358', 'Mr. Seward', '&amp;c., &amp;c., &amp;c. Mr. Welles to Mr. Seward . Navy Department , Wash')
   (0.379, 'frus1866p3', 'd175', 'Hon. William H. Seward', 'your obedient servant, ALLAN A. BURTON. Hon. William H. Seward , Secretary of State, Wa')
   (0.63, 'frus1865p1', 'd93', 'WILLIAM H. SEWARD', 'ters. I am, sir, your obedient servant, WILLIAM H. SEWARD. Charles Francis Adams .')
   (0.834, 'frus1865p1', 'd280', 'WILLIAM H. SEWARD', 'fect. I am, sir, your obedient servant, WILLIAM H. SEWARD. Charles Francis Adams, ')
   (0.978, 'frus1866p3', 'd206', 'Hon. William H. Seward', 'your obedient servant, ALLAN A. BURTON. Hon. William H. Seward , Secretary of State, Wa')
   (0.98, 'frus1865p1', 'd366', 'WILLIAM H. SEWARD', 'inet. I am, sir, your obedient servant, WILLIAM H. SEWARD. Charles Francis Adams ,')
== (b) filtered_control: predicted keys overlap-TRUE but not equal to any gold key in the doc ==
  filtered_control: 32 overlap-true predicted mentions whose key equals no gold key in the document
   kinds: {'pred is a sub-name of gold (partial)': 18, 'other': 7, 'pred is a super-string of gold (title/extra)': 7}
    ('frus1864p2', 'd358', 'Bailey', ['Acting Rear-Admiral Bailey'])
    ('frus1864p2', 'd358', 'Thompson', ['W. H. Thompson'])
    ('frus1864p2', 'd358', 'Bailey', ['Acting Rear-Admiral Bailey'])
    ('frus1864p2', 'd47', 'WILLIAM II', ['WILLIAM II. SEWARD'])
    ('frus1865p1', 'd93', 'GILLMORE', ['Q. A. GILLMORE'])
    ('frus1865p1', 'd93', 'Halleck', ['Major General H. W. Halleck'])
    ('frus1866p3', 'd69', 'Seward Mexican', ['Mr. Seward'])
    ('frus1866p3', 'd69', 'Matias Romero', ['Citizen Matias Romero'])
    ('frus1888p2', 'd84', 'G. Allen', ['Mr. W. G. Allen'])
    ('frus1889', 'd119', 'Cardinal', ['Cardinal Manning'])
    ('frus1889', 'd129', 'Holstein', ['Imperial Councillor Holstein'])
    ('frus1889', 'd129', 'Holstein', ['Privy Councillor Holstein'])
    ('frus1889', 'd129', 'Holstein', ['Privy Councillor Holstein'])
    ('frus1889', 'd339', 'Kamil Pacha', ['H. H. Kamil Pacha'])
    ('frus1889', 'd339', 'Geo', ['Geo. A. Ford'])
    ('frus1911', 'd450', 'Knox', ['P. C. Knox'])
    ('frus1911', 'd585', 'Barra', ['F. L. de la Barra'])
    ('frus1937v01', 'd566', 'Ernest Powell Ernest Powell', ['Ernest Powell', 'Ernest Powell'])
    ('frus1938v05', 'd776', 'Wallenberg June', ['Wallenberg'])
    ('frus1941v05', 'd422', 'George', ['Mr. William P. George'])
    ('frus1944v06', 'd421', 'Wm', ['Wm . R. Langdon'])
    ('frus1944v06', 'd93', 'Chiang', ['Generalissimo Chiang'])
    ('frus1946v06', 'd329', 'Morawski', ['Osóbka-Morawski'])
    ('frus1946v06', 'd329', 'Morawski', ['Osóbka-Morawski'])
    ('frus1946v06', 'd88', 'Victor Emmanuel', ['ex-King Victor Emmanuel'])
  intersection_control_side: 30 overlap-true predicted mentions whose key equals no gold key in the document
   kinds: {'pred is a sub-name of gold (partial)': 17, 'other': 7, 'pred is a super-string of gold (title/extra)': 6}
    ('frus1864p2', 'd358', 'Bailey', ['Acting Rear-Admiral Bailey'])
    ('frus1864p2', 'd358', 'Thompson', ['W. H. Thompson'])
    ('frus1864p2', 'd358', 'Bailey', ['Acting Rear-Admiral Bailey'])
    ('frus1864p2', 'd47', 'WILLIAM II', ['WILLIAM II. SEWARD'])
    ('frus1865p1', 'd93', 'Halleck', ['Major General H. W. Halleck'])
    ('frus1866p3', 'd69', 'Seward Mexican', ['Mr. Seward'])
    ('frus1866p3', 'd69', 'Matias Romero', ['Citizen Matias Romero'])
    ('frus1888p2', 'd84', 'G. Allen', ['Mr. W. G. Allen'])
    ('frus1889', 'd119', 'Cardinal', ['Cardinal Manning'])
    ('frus1889', 'd129', 'Holstein', ['Imperial Councillor Holstein'])
  intersection_sweep_side: 1 overlap-true predicted mentions whose key equals no gold key in the document
   kinds: {'pred is a super-string of gold (title/extra)': 1}
    ('frus1946v10', 'd337', 'Generals Yang and Chang Hsuehliang', ['Generals Yang', 'Chang Hsuehliang'])
  editor: 2 overlap-true predicted mentions whose key equals no gold key in the document
   kinds: {'pred is a super-string of gold (title/extra)': 1, 'pred is a sub-name of gold (partial)': 1}
    ('frus1889', 'd339', 'Jessup and Ford', ['Messrs. Jessup', 'Ford'])
    ('frus1905', 'd447', 'Wilson', ['Chargé Wilson'])
