# queries.log — commands that touched a surface, in order.
# D=SQLite index, T=TEI XML, J=bundled JSON. Scratch dir = .../c0d/runs/d4
# Long python bodies were written to files in this directory; where a body is referenced by
# filename rather than pasted, the ELIDED block at the end says so.

[D] mkdir -p <scratchdir> && sqlite3 -readonly /Users/jbotts/frus-analysis/frus-copy.db "SELECT COUNT(DISTINCT volume_id), COUNT(*), SUM(is_front_matter), SUM(is_editorial_note) FROM document_cache;"
[D] sqlite3 -readonly /Users/jbotts/frus-analysis/frus-copy.db ".schema document_cache" ".schema frus_documents" ".schema document_dates" ".schema document_sources" ".schema external_citations" 2>&1 | head -60
[D] sqlite3 -readonly /Users/jbotts/frus-analysis/frus-copy.db ".schema document_sources" ".schema external_citations" ".schema volume_structures" 2>&1 | head -60
[D] sqlite3 -readonly /Users/jbotts/frus-analysis/frus-copy.db "SELECT 'POS_DeptOfState_docs', COUNT(*), COUNT(DISTINCT f.volume_id) FROM frus_documents f JOIN document_cache d ON d.volume_id=f.volume_id AND d.document_id=f.document_id WHERE frus_documents MATCH '\"Department of State\"' AND d.is_front_matter=0 AND d.is_editorial_note=0 AND d.volume_id NOT IN ('frus1951-54IranEd2','frus1969-76ve15p2Ed2'); SELECT 'NEG_impossible', COUNT(*) FROM frus_documents WHERE frus_documents MATCH 'ZZZ_IMPOSSIBLE_ZZZ'; SELECT 'SCOPE_total_nonapparatus', COUNT(*), COUNT(DISTINCT volume_id) FROM document_cache WHERE is_front_matter=0 AND is_editorial_note=0 AND volume_id NOT IN ('frus1951-54IranEd2','frus1969-76ve15p2Ed2');"
[D] sqlite3 -readonly /Users/jbotts/frus-analysis/frus-copy.db "CREATE VIRTUAL TABLE temp.v USING fts5vocab(main, frus_documents, row); SELECT term, doc, cnt FROM temp.v WHERE term IN ('neutral','neutralis','neutrality','contraband','blockad','belliger','maritim','visit','search','prize','flag','embargo','submarin','block','carg') ORDER BY cnt DESC;" 2>&1 | head -30
[D] sqlite3 -readonly /Users/jbotts/frus-analysis/frus-copy.db "CREATE VIRTUAL TABLE temp.v USING fts5vocab(main, frus_documents, row); SELECT term, doc, cnt FROM temp.v WHERE term IN ('privateer','corsair','blockade','unneutral','nonbelligerency','nonbelligerent','neutralit','freedom','seas','sea','navig','merchantmen','merchantman','mine','minefield','torpedo','reprisal','retaliatori','condemn','adjud','captur','seiz','detent','bunker','navicert','quarantin','armament','belligerency','asylum','internment','intern','unrestrict') ORDER BY cnt DESC;"
[D] cat > phrases.txt <<'EOF' … 40 phrases, one per line, file kept at phrases.txt … EOF ; python3 -u - <<'PY' | tee phrase_counts.tsv  # loops the 40 phrases through: SELECT COUNT(*), COUNT(DISTINCT f.volume_id) FROM frus_documents f JOIN document_cache d ON d.volume_id=f.volume_id AND d.document_id=f.document_id WHERE frus_documents MATCH ? AND d.is_front_matter=0 AND d.is_editorial_note=0 AND d.volume_id NOT IN ('frus1951-54IranEd2','frus1969-76ve15p2Ed2')   [param = '"<phrase>"']
[D] sqlite3 -readonly /Users/jbotts/frus-analysis/frus-copy.db "SELECT substr(dd.date_iso,1,3)||'0s' AS dec, COUNT(*) FROM document_dates dd JOIN document_cache d ON d.volume_id=dd.volume_id AND d.document_id=dd.document_id WHERE d.is_front_matter=0 AND d.is_editorial_note=0 AND d.volume_id NOT IN ('frus1951-54IranEd2','frus1969-76ve15p2Ed2') AND dd.date_iso IS NOT NULL AND length(dd.date_iso)>=4 GROUP BY dec ORDER BY dec;"
[D] cat > core_query.txt <<'EOF' … the 22-phrase OR, kept verbatim at core_query.txt … EOF ; python3 -u - <<'PY' …  # (i) CREATE TEMP TABLE hits AS SELECT f.volume_id v, f.document_id x FROM frus_documents f JOIN document_cache d ON d.volume_id=f.volume_id AND d.document_id=f.document_id WHERE frus_documents MATCH ? AND d.is_front_matter=0 AND d.is_editorial_note=0 AND d.volume_id NOT IN ('frus1951-54IranEd2','frus1969-76ve15p2Ed2')  (ii) SELECT substr(dd.date_iso,1,3)||'0s' dec, COUNT(*) FROM hits h JOIN document_dates dd ON dd.volume_id=h.v AND dd.document_id=h.x WHERE dd.date_iso IS NOT NULL GROUP BY dec ORDER BY dec  (iii) the same GROUP BY over document_dates JOIN document_cache for denominators  (iv) SELECT v, COUNT(*) c FROM hits GROUP BY v ORDER BY c DESC LIMIT 25
[D] cat > litshare.py <<'PY' … kept at litshare.py … PY ; cat > argue.txt <<'EOF' … 15 phrases, kept at argue.txt … EOF ; python3 -u litshare.py argue.txt litshare_core.json
    # litshare.py hit-list SQL: SELECT f.volume_id, f.document_id FROM frus_documents f JOIN document_cache d ON d.volume_id=f.volume_id AND d.document_id=f.document_id WHERE frus_documents MATCH ? AND d.is_front_matter=0 AND d.is_editorial_note=0 AND d.volume_id NOT IN ('frus1951-54IranEd2','frus1969-76ve15p2Ed2') ORDER BY f.volume_id, f.document_id
    # litshare.py text SQL:     SELECT header||' '||COALESCE(dateline,'')||' '||COALESCE(source_note,'')||' '||body_text FROM document_cache WHERE volume_id=? AND document_id=?
[D] python3 -u - <<'PY' … miss-probe: re-reads the tolerant_misses ids from litshare_core.json with the same text SQL above and counts regex pairs r"\b(dut\w+)\s+of\s+(neutral\w*)", r"\b(neutral\w*)[ \-]+(ship\w*)", r"\b(visit\w*)\s+and\s+(search\w*)" … PY
[D] python3 -u - <<'PY' | tee litshare_corrected.tsv … re-runs the three failing families under corrected labels; same two SQL statements as litshare.py; tolerant regexes: \bdut(?:y|ies)[ \-,().]+of[ \-,().]+neutral(?:s|ity)?\b / \bneutral(?:s|ity)?[ \-,().]+ship(?:s|ping|owners?)?\b / \bvisit(?:s|ing|ation|ations|ed)?[ \-,().]+and[ \-,().]+search(?:es|ing|ed)?\b … PY
[D] python3 -u - <<'PY' | tee falsefriend.tsv … false-friend test; per-term SQL: SELECT COUNT(*) FROM frus_documents f JOIN document_cache d ON d.volume_id=f.volume_id AND d.document_id=f.document_id WHERE frus_documents MATCH ? AND d.is_front_matter=0 AND d.is_editorial_note=0 AND d.volume_id NOT IN ('frus1951-54IranEd2','frus1969-76ve15p2Ed2') [AND d.volume_id IN (…)] ; denominators: SELECT COUNT(*) FROM document_cache d WHERE <same scope> [AND d.volume_id IN (…)] ; on-topic set = frus1915Supp,frus1914Supp,frus1916Supp,frus1917Supp01v01,frus1918Supp01v02 ; control set = frus1969-76v11,frus1958-60v14,frus1952-54v13p1,frus1961-63v22,frus1977-80v12 … PY
[D] python3 -u - <<'PY' > headings_sample.txt … SELECT structure_json FROM volume_structures WHERE volume_id=?  for 12 volumes, recursive title walk … PY ; grep -icE "neutral|contraband|blockad|maritim|shipping|belliger|prize|vessel|submarin" headings_sample.txt; wc -l headings_sample.txt; grep -nE "neutral|contraband|blockad|maritim|shipping|belliger|prize|vessel|submarin|Rights|commerce|trade" headings_sample.txt | head -55
    sed -n '1,60p' headings_sample.txt
[D] python3 -u - <<'PY' | head -40 … SELECT structure_json FROM volume_structures WHERE volume_id='frus1915Supp' ; key-shape probe … PY
[D] cat > parts.py <<'PY' … kept at parts.py … PY ; python3 -u parts.py
    # parts.py SQL: SELECT volume_id FROM volume_structures ORDER BY volume_id ; SELECT structure_json FROM volume_structures WHERE volume_id=?   -> writes all_sections.json (15,808 rows)
[D] python3 -u - <<'PY' | tee section_families.tsv … 15 heading regexes over all_sections.json; apparatus exclusion via SELECT volume_id,document_id FROM document_cache WHERE is_front_matter=1 OR is_editorial_note=1 … PY
[ ] python3 -u - <<'PY' | tee neutral_rights_sections.txt … regex neutral\s+rights|neutral\s+duties|belligerent\s+rights over all_sections.json (no DB) … PY
[ ] grep -E "frus191[5-8]|frus1940" neutral_rights_sections.txt | grep -vE "^ *[0-9]+\tfrus" | awk 'NR%3==1' | head -45
[D] python3 -u - <<'PY' | tee wars_by_year.tsv … same CREATE TEMP TABLE hits as above; SELECT substr(dd.date_iso,1,4) y, COUNT(*) FROM hits h JOIN document_dates dd ON dd.volume_id=h.v AND dd.document_id=h.x WHERE dd.date_iso IS NOT NULL GROUP BY y HAVING COUNT(*)>=12 ORDER BY y ; denominators SELECT substr(dd.date_iso,1,4), COUNT(*) FROM document_dates dd JOIN document_cache d … GROUP BY 1 … PY
[D] sqlite3 -readonly -separator '  |  ' /Users/jbotts/frus-analysis/frus-copy.db "CREATE VIRTUAL TABLE temp.q USING fts5vocab(main, frus_documents, row); SELECT dd.date_iso, d.volume_id||'/'||d.document_id, substr(replace(d.header,char(10),' '),1,105) FROM frus_documents f JOIN document_cache d ON d.volume_id=f.volume_id AND d.document_id=f.document_id JOIN document_dates dd ON dd.volume_id=d.volume_id AND dd.document_id=d.document_id WHERE frus_documents MATCH '\"neutral rights\" OR \"rights of neutrals\" OR \"neutral vessels\" OR \"contraband of war\"' AND d.is_front_matter=0 AND d.is_editorial_note=0 AND (substr(dd.date_iso,1,4) IN ('1957','1967','1904','1879','1871') ) ORDER BY dd.date_iso LIMIT 34;"
[D] sqlite3 -readonly -separator '  |  ' /Users/jbotts/frus-analysis/frus-copy.db "SELECT volume_id, COUNT(*) FROM document_cache WHERE volume_id LIKE 'frus1872p2%' AND is_front_matter=0 AND is_editorial_note=0 GROUP BY volume_id; SELECT '---'; SELECT dd.date_iso, d.volume_id||'/'||d.document_id, substr(replace(d.header,char(10),' '),1,95) FROM frus_documents f JOIN document_cache d ON d.volume_id=f.volume_id AND d.document_id=f.document_id JOIN document_dates dd ON dd.volume_id=d.volume_id AND dd.document_id=d.document_id WHERE frus_documents MATCH '\"neutral rights\" OR \"rights of neutrals\" OR \"neutral vessels\" OR \"contraband of war\" OR \"freedom of the seas\"' AND d.is_front_matter=0 AND d.is_editorial_note=0 AND substr(dd.date_iso,1,4) IN ('1957','1967','1904','1905') ORDER BY dd.date_iso LIMIT 26;"
[D] python3 -u - <<'PY' … locates frus1915Supp war-zone section ids and frus1872p2v2 neutral-duties section in all_sections.json … PY ; sqlite3 -readonly -separator '  |  ' /Users/jbotts/frus-analysis/frus-copy.db "SELECT volume_id||'/'||document_id, substr(replace(header,char(10),' '),1,80), length(body_text) FROM document_cache WHERE volume_id='frus1861' AND document_id IN ('d10','d255') UNION ALL SELECT volume_id||'/'||document_id, substr(replace(header,char(10),' '),1,80), length(body_text) FROM document_cache WHERE volume_id='frus1872p2v2' AND document_id='d117';"
[D] mkdir -p read ; cat > read.sql <<'EOF' SELECT volume_id||'/'||document_id, length(body_text), header||' | '||COALESCE(dateline,'')||' | SRC: '||COALESCE(source_note,'')||' | '||body_text FROM document_cache WHERE (volume_id,document_id) IN (VALUES ('frus1915Supp','d132'),('frus1915Supp','d140'),('frus1872p2v2','d117'),('frus1861','d255'),('frus1916Supp','d183'),('frus1939v01','d1089')); EOF ; python3 -u - <<'PY' … executes read.sql, writes read/<vol>_<doc>.txt … PY ; head -c 700 read/frus1915Supp_d132.txt; head -c 500 read/frus1916Supp_d183.txt
[D] sqlite3 -readonly -separator '  |  ' /Users/jbotts/frus-analysis/frus-copy.db "SELECT 'A_eras', ds.citation_era, COUNT(*) FROM document_sources ds JOIN document_cache d ON d.volume_id=ds.volume_id AND d.document_id=ds.document_id WHERE d.is_front_matter=0 AND d.is_editorial_note=0 AND ds.volume_id IN ('frus1914Supp','frus1915Supp','frus1916Supp','frus1917Supp01v01','frus1917Supp02v02','frus1918Supp01v02','frus1940v02') GROUP BY ds.citation_era ORDER BY 3 DESC; SELECT '---'; SELECT 'A_class', ds.decimal_class, COUNT(*) FROM document_sources ds JOIN document_cache d ON … <same 7-volume scope> … AND ds.decimal_class IS NOT NULL GROUP BY ds.decimal_class ORDER BY 3 DESC LIMIT 14; SELECT '---'; SELECT 'A_rows_total', COUNT(*), COUNT(DISTINCT ds.volume_id) FROM document_sources ds JOIN document_cache d ON … <same scope>; SELECT '---'; SELECT 'GenevaCW_src', ds.volume_id, ds.citation_era, COUNT(*) FROM document_sources ds WHERE ds.volume_id LIKE 'frus1872p2%' OR ds.volume_id IN ('frus1861','frus1862','frus1863p1') GROUP BY 2,3;"
[D] sqlite3 -readonly -separator '  |  ' /Users/jbotts/frus-analysis/frus-copy.db "SELECT 'PTD_rows', COUNT(*), COUNT(DISTINCT ec.volume_id||'/'||ec.document_id) FROM external_citations ec JOIN document_cache d ON d.volume_id=ec.volume_id AND d.document_id=ec.document_id WHERE d.is_front_matter=0 AND d.is_editorial_note=0 AND ec.volume_id IN (…same 7…); SELECT ec.repository, ec.collection, COUNT(*) FROM external_citations ec JOIN document_cache d ON … <same> GROUP BY 1,2 ORDER BY 3 DESC LIMIT 10; SELECT ec.decimal_class, COUNT(*) FROM external_citations ec JOIN document_cache d ON … <same> AND ec.decimal_class IS NOT NULL GROUP BY 1 ORDER BY 2 DESC LIMIT 12;"
[J] ls "/Applications/FRUS Explorer.app/Contents/Resources" | head -30 ; python3 -u -c "import json; j=json.load(open('<R>/decimal-class-labels.json')); print(list(j.keys())); print('coverage:', json.dumps(j.get('coverage'), indent=1)[:900])"
[J] python3 -u -c "import json; j=json.load(open('<R>/decimal-class-labels.json')); s=j['schedules']; print(type(s), len(s)); sc = s[0] if isinstance(s,list) else list(s.values())[0]; print('schedule keys:', list(sc.keys())); [print(' ',k, type(v).__name__, (len(v) if hasattr(v,'__len__') and not isinstance(v,str) else v)) for k,v in sc.items()]"
[J] cat > gloss.py <<'PY' … kept at gloss.py — THE WRONG ACCESSOR, retained as the both-sides evidence for §7 … PY ; python3 -u gloss.py 2>&1 | head -30
[J] cat > gloss2.py <<'PY' … kept at gloss2.py — the corrected accessor … PY ; python3 -u gloss2.py
[J] python3 -u -c "import json; [ (lambda j: (print('==',f,'keys:',list(j.keys())), [print('   ',k,type(v).__name__,len(v)) for k,v in j.items() if isinstance(v,(dict,list))], print('   legend:', json.dumps(j['legend'])[:400]) if 'legend' in j else None))(json.load(open('<R>/'+f))) for f in ['collection-usage-index.json','external-citation-index.json'] ]"
[J] cat > cui.py <<'PY' … kept at cui.py — row-shape probe … PY ; python3 -u cui.py
[J] cat > cui2.py <<'PY' … kept at cui2.py — THE WRONG PROJECTION (n read as volume index), retained as both-sides evidence for §7 … PY ; python3 -u cui2.py
[J] python3 -u -c "… semantics test: V.index('frus1915Supp'); CK.index('763.72112'); prints the matching classes row and decodes r['n'] vs r['v'] as volume indices …"
[J] cat > cui3.py <<'PY' … kept at cui3.py — the corrected projection … PY ; python3 -u cui3.py
[J] python3 -u -c "import json; cf=json.load(open('<R>/central-files-index.json')); print('central-files keys:',list(cf.keys())); … per-key type/length/row0 dump …" 2>&1 | head -25
[J] python3 -u - <<'PY' | tee prewar_series.txt … enumerates cf['countrySeries'] spans; loads series-facts-index.json; prints sf.get('legend') and byNaId rows for roll seriesNaIds … PY
[J] python3 -u - <<'PY' | tee prewar_rolls.txt … prints series-facts top keys, roll row keys, and Diplomatic-Despatches rolls whose fileUnitTitle contains 'Great Britain' overlapping 1861-1865 … PY
[D] sqlite3 -readonly /Users/jbotts/frus-analysis/frus-copy.db ".schema document_subjects" ".schema document_subject_refs" | head -20 ; sqlite3 -readonly -separator '  |  ' /Users/jbotts/frus-analysis/frus-copy.db "SELECT s.name, s.category, COUNT(DISTINCT r.volume_id||'/'||r.document_id) c FROM document_subject_refs r JOIN document_subjects s ON s.id=r.subject_id JOIN document_cache d ON d.volume_id=r.volume_id AND d.document_id=r.document_id WHERE d.is_front_matter=0 AND d.is_editorial_note=0 AND r.volume_id IN (…7…) GROUP BY s.id ORDER BY c DESC LIMIT 14;"   # ERRORED: no such column s.name
[DJ] python3 -u - <<'PY' | tee subjects.tsv … first attempt, ERRORED on j['subjects'] being absent … PY
[DJ] python3 -u - <<'PY' | tee subjects.tsv … corrected: reads document-subject-index.json['vocab']; SQL = SELECT r.subject, COUNT(*) c FROM document_subject_refs r JOIN document_cache d ON d.volume_id=r.volume_id AND d.document_id=r.document_id WHERE d.is_front_matter=0 AND d.is_editorial_note=0 AND r.volume_id IN (…7…) GROUP BY r.subject ORDER BY c DESC LIMIT 16 … PY
[D] sqlite3 -readonly -separator '  |  ' /Users/jbotts/frus-analysis/frus-copy.db "SELECT 'subj374_Neutrality_total', COUNT(*), COUNT(DISTINCT r.volume_id) FROM document_subject_refs r JOIN document_cache d ON d.volume_id=r.volume_id AND d.document_id=r.document_id WHERE r.subject=374 AND d.is_front_matter=0 AND d.is_editorial_note=0 AND d.volume_id NOT IN ('frus1951-54IranEd2','frus1969-76ve15p2Ed2'); SELECT '--- top volumes for subject 374 (Neutrality) ---'; SELECT r.volume_id, COUNT(*) c FROM document_subject_refs r JOIN document_cache d ON … WHERE r.subject=374 AND d.is_front_matter=0 AND d.is_editorial_note=0 GROUP BY r.volume_id ORDER BY c DESC LIMIT 12; SELECT '--- subject 48 …'; SELECT r.volume_id, COUNT(*) c FROM document_subject_refs r JOIN document_cache d ON … WHERE r.subject=48 AND … GROUP BY r.volume_id ORDER BY c DESC LIMIT 8; SELECT '--- overlap …'; SELECT COUNT(*) FROM document_subject_refs r JOIN document_cache d ON … WHERE r.subject=374 AND d.is_front_matter=0 AND d.is_editorial_note=0 AND EXISTS (SELECT 1 FROM frus_documents f WHERE f.volume_id=r.volume_id AND f.document_id=r.document_id AND frus_documents MATCH '\"neutral rights\" OR \"neutral vessels\" OR \"contraband of war\" OR \"neutral ships\"');"
[T] cd /Users/jbotts/Development/frus/volumes && ls | head -3 && python3 -u -c "import re; s=open('frus1915Supp.xml',encoding='utf-8').read(); print('chars:', len(s)); print('div type=document:', len(re.findall(r'<div[^>]*type=\"document\"', s))); [print(t, s.count(t)) for t in ['<note','</note>','type=\"footnote\"','<hi ','<pb ','xml:id=\"d']]; i=s.find('<note'); print(s[i:i+260].replace(chr(10),' '))"
[T] cat > tei_split.py <<'PY' … kept at tei_split.py … PY ; python3 -u tei_split.py frus1915Supp frus1914Supp frus1916Supp frus1872p2v2 frus1863p1 frus1939v01
[ ] python3 -u - <<'PY' | tee wwii_sections.txt … regex neutral|belligeren|contraband|blockad|shipping|freedom of the seas|armed merchant|submarin over all_sections.json rows whose volume matches ^frus19(3[7-9]|4[0-1]) … PY
[D] python3 -u - <<'PY' | tee formulas.tsv … 10 heading regexes over all_sections.json; apparatus exclusion via SELECT volume_id||'/'||document_id FROM document_cache WHERE is_front_matter=1 OR is_editorial_note=1 … PY
[D] sqlite3 -readonly -separator '  |  ' /Users/jbotts/frus-analysis/frus-copy.db "SELECT 'header_route', COUNT(*) FROM document_cache WHERE (header LIKE '%as a neutral%' OR header LIKE '%neutral duties%') AND is_front_matter=0 AND is_editorial_note=0; SELECT '---'; SELECT volume_id||'/'||document_id, substr(replace(header,char(10),' '),1,92) FROM document_cache WHERE (header LIKE '%as a neutral%' OR header LIKE '%neutral duties%') AND is_front_matter=0 AND is_editorial_note=0 LIMIT 9; SELECT '--- section titles in the Geneva volumes …'; SELECT volume_id, length(structure_json) FROM volume_structures WHERE volume_id LIKE 'frus1872p2%';"
[ ] ls -la <scratchdir> && wc -l *.tsv *.txt 2>/dev/null | tail -20
[D] python3 -u - <<'PY' … union of the nine editors' formulas over all_sections.json; apparatus exclusion via SELECT volume_id||'/'||document_id FROM document_cache WHERE is_front_matter=1 OR is_editorial_note=1 -> 5,640 documents / 16 volumes … PY
[ ] cat > report.md <<'MEMO' … the memo … MEMO
[ ] python3 - <<'PY' … two literal string replacements in report.md (no surface touched) … PY

ELIDED: the following were shortened in this log, and each is named where it appears above.
 - The bodies of every `python3 -u - <<'PY' … PY` heredoc. Where the script was also written to a
   file (litshare.py, parts.py, gloss.py, gloss2.py, cui.py, cui2.py, cui3.py, tei_split.py) the
   file in this directory is the verbatim body. Where it was inline-only (the miss-probe, the
   corrected-litshare pass, falsefriend, the headings walk, the structure-shape probe, the
   section_families pass, neutral_rights_sections, wars_by_year, the read pass, the two JSON
   key-dumps, the array-semantics test, prewar_series, prewar_rolls, the two subjects passes,
   wwii_sections, formulas, and the union pass) the body is NOT preserved verbatim; the SQL
   predicate and the regexes it used are pasted in the line, the outputs are the .tsv/.txt files
   named on the line, and the results are reproducible from those.
 - The contents of `phrases.txt` (40 lines), `argue.txt` (15 lines) and `core_query.txt` (the
   22-phrase OR). All three files are kept in this directory.
 - Repeated SQL scope clauses shown as `… <same 7-volume scope> …` and `… <same> …`; the full
   clause is `d.is_front_matter=0 AND d.is_editorial_note=0 AND <table>.volume_id IN
   ('frus1914Supp','frus1915Supp','frus1916Supp','frus1917Supp01v01','frus1917Supp02v02',
   'frus1918Supp01v02','frus1940v02')`.
 - `<R>` stands for `/Applications/FRUS Explorer.app/Contents/Resources`.
 - `<scratchdir>` stands for the run directory containing this file.
 - Nothing else. Two commands that ERRORED are logged above rather than dropped.
