{
 "control": {
  "pooled": {
   "n": 235751,
   "with_surname": 235218,
   "known": 189613,
   "one": 130321,
   "several": 18729,
   "nobody": 40563
  },
  "by_band": {
   "1861-1899": {
    "one": 45258,
    "with_surname": 83936,
    "several": 11995,
    "nobody": 8595
   },
   "1900-1929": {
    "nobody": 9568,
    "with_surname": 49422,
    "one": 27261,
    "several": 2201
   },
   "1930-1945": {
    "one": 43363,
    "with_surname": 72950,
    "nobody": 15168,
    "several": 3262
   },
   "1946-": {
    "with_surname": 28910,
    "one": 14439,
    "nobody": 7232,
    "several": 1271
   }
  },
  "expected_from_pocom_json": {
   "fromto_rows": 235751,
   "with_surname": 235218,
   "known": 189613,
   "one": 130321,
   "nobody": 40563,
   "several": 18729
  }
 },
 "pooled": {
  "pocom": {
   "1": 131156,
   "2-5": 18729,
   "0": 85333
  },
  "authority_index": {
   "0": 127235,
   "1": 69983,
   "2-5": 35495,
   ">5": 2505
  },
  "people_registry": {
   "1": 112876,
   "2-5": 64404,
   "0": 47570,
   ">5": 10368
  },
  "persons_complete": {
   "1": 111077,
   "2-5": 68849,
   "0": 44405,
   ">5": 10887
  },
  "live_index_rollups": {
   "0": 155629,
   "1": 51730,
   "2-5": 24572,
   ">5": 3287
  },
  "union": {
   "1": 98300,
   "2-5": 80579,
   "0": 43813,
   ">5": 12526
  }
 }
}
