top keys ['document_list', 'documents', 'documents_without_mentions', 'ground_truth', 'mentions', 'results']
document_list : "/Users/jbotts/FRUS Explorer Development Files from Mac Studio/frus-m2a/m2a-ground-truth-documents.jsonl"
documents : 64
documents_without_mentions : 2
ground_truth : "/Users/jbotts/FRUS Explorer Development Files from Mac Studio/frus-m2a/m2a-ground-truth.jsonl"
mentions : 406

 editor markup (baseline) scored 64 / 64 refused [] not_scored []
 strict {'f1': 0.2146, 'gold': 406, 'hits': 53, 'precision': 0.6023, 'predicted': 88, 'recall': 0.1305}  relaxed {'f1': 0.3563, 'gold': 406, 'hits': 88, 'precision': 1.0, 'predicted': 88, 'recall': 0.2167}
   1861-1899 docs 18 strictF1 0.2261 relF1 0.3826 strictP 0.5909 relP 1.0 relR 0.2366 gold 186
   1900-1929 docs 15 strictF1 0.0556 relF1 0.4722 strictP 0.1176 relP 1.0 relR 0.3091 gold 55
   1930-1945 docs 15 strictF1 0.3684 relF1 0.3947 strictP 0.9333 relP 1.0 relR 0.2459 gold 61
   1946- docs 16 strictF1 0.1897 relF1 0.2069 strictP 0.9167 relP 1.0 relR 0.1154 gold 104
  FP vols Counter() n 0
  FP: []
  MISS vols Counter({'frus1864p2': 22, 'frus1865p1': 18}) n 40
  MISS: [('frus1864p2/d354', 'LYONS'), ('frus1864p2/d354', 'Hon. William H. Seward'), ('frus1864p2/d358', 'WILLIAM H. SEWARD'), ('frus1864p2/d358', 'Right Hon. Lord Lyons'), ('frus1864p2/d358', 'Lord Lyons'), ('frus1864p2/d358', 'Marshal Murray'), ('frus1864p2/d358', 'William H. Hall'), ('frus1864p2/d358', 'Bernard Harding'), ('frus1864p2/d358', 'Mr. Murray'), ('frus1864p2/d358', 'William Patterson'), ('frus1864p2/d358', 'Adolphus Russell'), ('frus1864p2/d358', 'Acting Rear-Admiral Bailey'), ('frus1864p2/d358', 'J. D. Coleman'), ('frus1864p2/d358', 'W. H. Thompson'), ('frus1864p2/d358', 'John Ring'), ('frus1864p2/d358', 'Acting Rear-Admiral Bailey'), ('frus1864p2/d358', 'Isaac Fisher'), ('frus1864p2/d358', 'GIDEON WELLES'), ('frus1864p2/d358', 'Hon. William H. Seward'), ('frus1864p2/d47', 'Earl Russell’s'), ('frus1864p2/d47', 'WILLIAM II. SEWARD'), ('frus1864p2/d47', 'Charles Francis Adams'), ('frus1865p1/d280', 'Mary E. Surratt'), ('frus1865p1/d280', 'Lewis Payne'), ('frus1865p1/d280', 'David E. Herold'), ('frus1865p1/d280', 'George Atzerodt'), ('frus1865p1/d280', 'Samuel A, Mudd'), ('frus1865p1/d280', 'Michael O’Laughlin'), ('frus1865p1/d280', 'Samuel Arnold'), ('frus1865p1/d280', 'Edward Spangler'), ('frus1865p1/d280', 'WILLIAM H. SEWARD'), ('frus1865p1/d280', 'Charles Francis Adams'), ('frus1865p1/d366', 'Earl Russell'), ('frus1865p1/d366', 'Earl Russell'), ('frus1865p1/d366', 'Earl Russell'), ('frus1865p1/d366', 'WILLIAM H. SEWARD'), ('frus1865p1/d366', 'Charles Francis Adams'), ('frus1865p1/d93', 'Admiral Dahlgren'), ('frus1865p1/d93', 'General Sherman'), ('frus1865p1/d93', 'Beauregard')]

 frus-ner-raw scored 64 / 64 refused [] not_scored []
 strict {'f1': 0.4925, 'gold': 406, 'hits': 347, 'precision': 0.346, 'predicted': 1003, 'recall': 0.8547}  relaxed {'f1': 0.538, 'gold': 406, 'hits': 379, 'precision': 0.3779, 'predicted': 1003, 'recall': 0.9335}
   1861-1899 docs 18 strictF1 0.6554 relF1 0.7104 strictP 0.5401 relP 0.5854 relR 0.9032 gold 186
   1900-1929 docs 15 strictF1 0.4397 relF1 0.4655 strictP 0.2881 relP 0.3051 relR 0.9818 gold 55
   1930-1945 docs 15 strictF1 0.3624 relF1 0.3893 strictP 0.2278 relP 0.2447 relR 0.9508 gold 61
   1946- docs 16 strictF1 0.4286 relF1 0.4877 strictP 0.2881 relP 0.3278 relR 0.9519 gold 104
  FP vols Counter({'frus1864p2': 21, 'frus1865p1': 19}) n 40
  FP: ['Her Majesty’s government', 'the President', 'the port of Brownsville', 'Brownsville', 'United States troops', 'Brownsville', 'you', 'you', 'the government', 'you', 'you', 'your kindness', 'you', 'her Majesty’s government', 'the port of Brownsville', 'Brownsville', 'United States troops', 'you', 'Lord Lyons', 'Sir', 'Esq.', 'Department of State', 'Washington', 'Sir', 'Esq.', 'Sir', 'the President', 'Branchville', 'Orangeburg', 'Columbia', 'South Carolina', 'Branchville', 'Columbia', 'Columbia', 'Columbia', 'Winnsboro’', 'North Carolina', 'Columbia', 'Fort Anderson', 'Wilmington']
  MISS vols Counter({'frus1888p2': 6, 'frus1865p1': 5, 'frus1866p3': 3, 'frus1872p2v5': 3, 'frus1946v10': 3, 'frus1889': 1, 'frus1905': 1, 'frus1937v01': 1, 'frus1941v05': 1, 'frus1944v06': 1, 'frus1946v06': 1, 'frus1951v01': 1}) n 27
  MISS: [('frus1865p1/d93', 'Sherman'), ('frus1865p1/d93', 'WILLIAM H. SEWARD'), ('frus1865p1/d93', 'Mayor Macbeth'), ('frus1865p1/d93', 'General Schimmelpfennig'), ('frus1865p1/d93', 'Q. A. GILLMORE'), ('frus1866p3/d175', 'George Washington'), ('frus1866p3/d175', 'George Washington'), ('frus1866p3/d69', 'Señor Romero'), ('frus1872p2v5/d82', 'Messrs. Campbell'), ('frus1872p2v5/d82', 'Parke'), ('frus1872p2v5/d82', 'ARCHIBALD CAMPBELL'), ('frus1888p2/d84', 'Mr. Allen'), ('frus1888p2/d84', 'Glasier'), ('frus1888p2/d84', 'Lola Willis'), ('frus1888p2/d84', 'Judge Herara'), ('frus1888p2/d84', 'Aspíroz'), ('frus1888p2/d84', 'Judge Herara'), ('frus1889/d339', 'Ford'), ('frus1905/d447', 'Prince George'), ('frus1937v01/d382', 'Chapman'), ('frus1941v05/d756', 'Mr. Luce'), ('frus1944v06/d93', 'Gauss'), ('frus1946v06/d159', 'Connolly'), ('frus1946v10/d337', 'Chiang'), ('frus1946v10/d337', 'Chou'), ('frus1946v10/d337', 'Chang Hsuehliang'), ('frus1951v01/d183', 'Pres Truman’s')]

 frus-ner-raw-filtered-boundary scored 64 / 64 refused [] not_scored []
 strict {'f1': 0.5022, 'gold': 406, 'hits': 347, 'precision': 0.3555, 'predicted': 976, 'recall': 0.8547}  relaxed {'f1': 0.5485, 'gold': 406, 'hits': 379, 'precision': 0.3883, 'predicted': 976, 'recall': 0.9335}
   1861-1899 docs 18 strictF1 0.6582 relF1 0.7134 strictP 0.5439 relP 0.5895 relR 0.9032 gold 186
   1900-1929 docs 15 strictF1 0.4416 relF1 0.4675 strictP 0.2898 relP 0.3068 relR 0.9818 gold 55
   1930-1945 docs 15 strictF1 0.3843 relF1 0.4128 strictP 0.2455 relP 0.2636 relR 0.9508 gold 61
   1946- docs 16 strictF1 0.4361 relF1 0.4962 strictP 0.2949 relP 0.3356 relR 0.9519 gold 104
  FP vols Counter({'frus1865p1': 21, 'frus1864p2': 19}) n 40
  FP: ['Her Majesty’s government', 'the President', 'the port of Brownsville', 'Brownsville', 'United States troops', 'Brownsville', 'you', 'you', 'the government', 'you', 'your kindness', 'you', 'her Majesty’s government', 'the port of Brownsville', 'Brownsville', 'United States troops', 'Lord Lyons', 'Sir', 'Esq.', 'Department of State', 'Washington', 'Sir', 'Esq.', 'Sir', 'the President', 'Branchville', 'Orangeburg', 'Columbia', 'South Carolina', 'Branchville', 'Columbia', 'Columbia', 'Columbia', 'Winnsboro’', 'North Carolina', 'Columbia', 'Fort Anderson', 'Wilmington', 'Cape Fear', 'Newbern']
  MISS vols Counter({'frus1888p2': 6, 'frus1865p1': 5, 'frus1866p3': 3, 'frus1872p2v5': 3, 'frus1946v10': 3, 'frus1889': 1, 'frus1905': 1, 'frus1937v01': 1, 'frus1941v05': 1, 'frus1944v06': 1, 'frus1946v06': 1, 'frus1951v01': 1}) n 27
  MISS: [('frus1865p1/d93', 'Sherman'), ('frus1865p1/d93', 'WILLIAM H. SEWARD'), ('frus1865p1/d93', 'Mayor Macbeth'), ('frus1865p1/d93', 'General Schimmelpfennig'), ('frus1865p1/d93', 'Q. A. GILLMORE'), ('frus1866p3/d175', 'George Washington'), ('frus1866p3/d175', 'George Washington'), ('frus1866p3/d69', 'Señor Romero'), ('frus1872p2v5/d82', 'Messrs. Campbell'), ('frus1872p2v5/d82', 'Parke'), ('frus1872p2v5/d82', 'ARCHIBALD CAMPBELL'), ('frus1888p2/d84', 'Mr. Allen'), ('frus1888p2/d84', 'Glasier'), ('frus1888p2/d84', 'Lola Willis'), ('frus1888p2/d84', 'Judge Herara'), ('frus1888p2/d84', 'Aspíroz'), ('frus1888p2/d84', 'Judge Herara'), ('frus1889/d339', 'Ford'), ('frus1905/d447', 'Prince George'), ('frus1937v01/d382', 'Chapman'), ('frus1941v05/d756', 'Mr. Luce'), ('frus1944v06/d93', 'Gauss'), ('frus1946v06/d159', 'Connolly'), ('frus1946v10/d337', 'Chiang'), ('frus1946v10/d337', 'Chou'), ('frus1946v10/d337', 'Chang Hsuehliang'), ('frus1951v01/d183', 'Pres Truman’s')]

 frus-ner-raw-filtered scored 64 / 64 refused [] not_scored []
 strict {'f1': 0.6077, 'gold': 406, 'hits': 347, 'precision': 0.4715, 'predicted': 736, 'recall': 0.8547}  relaxed {'f1': 0.662, 'gold': 406, 'hits': 378, 'precision': 0.5136, 'predicted': 736, 'recall': 0.931}
   1861-1899 docs 18 strictF1 0.7226 relF1 0.7832 strictP 0.6379 relP 0.6914 relR 0.9032 gold 186
   1900-1929 docs 15 strictF1 0.5667 relF1 0.6 strictP 0.408 relP 0.432 relR 0.9818 gold 55
   1930-1945 docs 15 strictF1 0.5094 relF1 0.5472 strictP 0.3576 relP 0.3841 relR 0.9508 gold 61
   1946- docs 16 strictF1 0.5421 relF1 0.6106 strictP 0.4009 relP 0.4516 relR 0.9423 gold 104
  FP vols Counter({'frus1865p1': 20, 'frus1866p3': 11, 'frus1864p2': 9}) n 40
  FP: ['the port of Brownsville', 'Brownsville', 'United States troops', 'Brownsville', 'your kindness', 'the port of Brownsville', 'Brownsville', 'United States troops', 'Lord Lyons', 'Branchville', 'Orangeburg', 'Columbia', 'South Carolina', 'Branchville', 'Columbia', 'Columbia', 'Columbia', 'Winnsboro’', 'North Carolina', 'Columbia', 'Fort Anderson', 'Wilmington', 'Cape Fear', 'Newbern', 'Weldon road', 'Wilmington', 'Wilmington', 'North Carolina', 'South Carolina', 'Bogota', 'UNITED STATES OF COLOMBIA—LEGISLATIVE POWER OF THE UNION—PRESIDENCY OF THE SENATE OF PLENIPOTENTIARIES', 'his excellency the minister resident of the United States of America', 'Minister Resident of the United States of America', 'Legation of the United States of America', 'Bogota', 'Hon. President of the Senate of Plenipotentiaries Of the United States of Colombia', '&amp; c .', '&amp; c .', '&amp; c .', 'the State authorities of Panama']
  MISS vols Counter({'frus1888p2': 6, 'frus1865p1': 5, 'frus1866p3': 3, 'frus1872p2v5': 3, 'frus1946v10': 3, 'frus1951v01': 2, 'frus1889': 1, 'frus1905': 1, 'frus1937v01': 1, 'frus1941v05': 1, 'frus1944v06': 1, 'frus1946v06': 1}) n 28
  MISS: [('frus1865p1/d93', 'Sherman'), ('frus1865p1/d93', 'WILLIAM H. SEWARD'), ('frus1865p1/d93', 'Mayor Macbeth'), ('frus1865p1/d93', 'General Schimmelpfennig'), ('frus1865p1/d93', 'Q. A. GILLMORE'), ('frus1866p3/d175', 'George Washington'), ('frus1866p3/d175', 'George Washington'), ('frus1866p3/d69', 'Señor Romero'), ('frus1872p2v5/d82', 'Messrs. Campbell'), ('frus1872p2v5/d82', 'Parke'), ('frus1872p2v5/d82', 'ARCHIBALD CAMPBELL'), ('frus1888p2/d84', 'Mr. Allen'), ('frus1888p2/d84', 'Glasier'), ('frus1888p2/d84', 'Lola Willis'), ('frus1888p2/d84', 'Judge Herara'), ('frus1888p2/d84', 'Aspíroz'), ('frus1888p2/d84', 'Judge Herara'), ('frus1889/d339', 'Ford'), ('frus1905/d447', 'Prince George'), ('frus1937v01/d382', 'Chapman'), ('frus1941v05/d756', 'Mr. Luce'), ('frus1944v06/d93', 'Gauss'), ('frus1946v06/d159', 'Connolly'), ('frus1946v10/d337', 'Chiang'), ('frus1946v10/d337', 'Chou'), ('frus1946v10/d337', 'Chang Hsuehliang'), ('frus1951v01/d183', 'Pres Truman’s'), ('frus1951v01/d410', 'King’s')]

 frus-ner-raw-control scored 64 / 64 refused [] not_scored []
 strict {'f1': 0.3979, 'gold': 406, 'hits': 149, 'precision': 0.4344, 'predicted': 343, 'recall': 0.367}  relaxed {'f1': 0.6889, 'gold': 406, 'hits': 258, 'precision': 0.7522, 'predicted': 343, 'recall': 0.6355}
   1861-1899 docs 18 strictF1 0.3466 relF1 0.6818 strictP 0.3675 relP 0.7229 relR 0.6452 gold 186
   1900-1929 docs 15 strictF1 0.3871 relF1 0.6882 strictP 0.4737 relP 0.8421 relR 0.5818 gold 55
   1930-1945 docs 15 strictF1 0.4103 relF1 0.6838 strictP 0.4286 relP 0.7143 relR 0.6557 gold 61
   1946- docs 16 strictF1 0.492 relF1 0.7059 strictP 0.5542 relP 0.7952 relR 0.6346 gold 104
  FP vols Counter({'frus1872p2v5': 18, 'frus1865p1': 9, 'frus1864p2': 7, 'frus1866p3': 3, 'frus1889': 2, 'frus1888p2': 1}) n 40
  FP: ['Her Majesty', 'Majesty', 'Hon', 'Anna', 'Dee', 'Hon', 'Esq.', 'Esq.', 'Majesty', 'Majesty', 'Majesty', 'Esq.', 'Fort Anderson', 'Wilmington', 'Esq.', 'Bull', 'Hon', 'Hon', 'Hon', 'Rosario Strait', 'Haro', 'Arro', 'Fort Langley', 'Fraser River', 'Haro', 'Rosario Straits', 'Rosario', 'Fort Langley', 'Fraser River', 'Victoria', 'Fraser River', 'Haro', 'Fort Langley', 'Rosario', 'Rosario Strait', 'Haro', 'JNO', 'Vera Cruz', 'Samoan', 'Samoan']
  MISS vols Counter({'frus1865p1': 16, 'frus1864p2': 14, 'frus1866p3': 7, 'frus1872p2v5': 3}) n 40
  MISS: [('frus1864p2/d354', 'Lord Lyons'), ('frus1864p2/d354', 'Mr. Seward'), ('frus1864p2/d354', 'LYONS'), ('frus1864p2/d358', 'Mr. Seward'), ('frus1864p2/d358', 'Lord Lyons'), ('frus1864p2/d358', 'WILLIAM H. SEWARD'), ('frus1864p2/d358', 'Right Hon. Lord Lyons'), ('frus1864p2/d358', 'Mr. Seward'), ('frus1864p2/d358', 'Lord Lyons'), ('frus1864p2/d358', 'William H. Hall'), ('frus1864p2/d358', 'J. D. Coleman'), ('frus1864p2/d358', 'GIDEON WELLES'), ('frus1864p2/d47', 'Mr. Seward'), ('frus1864p2/d47', 'Mr. Adams'), ('frus1865p1/d280', 'Mr. Adams'), ('frus1865p1/d280', 'Mary E. Surratt'), ('frus1865p1/d280', 'Lewis Payne'), ('frus1865p1/d280', 'David E. Herold'), ('frus1865p1/d280', 'George Atzerodt'), ('frus1865p1/d280', 'Samuel A, Mudd'), ('frus1865p1/d280', 'Michael O’Laughlin'), ('frus1865p1/d280', 'Samuel Arnold'), ('frus1865p1/d280', 'Edward Spangler'), ('frus1865p1/d280', 'WILLIAM H. SEWARD'), ('frus1865p1/d366', 'Mr. Seward'), ('frus1865p1/d366', 'Mr. Adams'), ('frus1865p1/d366', 'WILLIAM H. SEWARD'), ('frus1865p1/d93', 'Mr. Seward'), ('frus1865p1/d93', 'Mr. Adams'), ('frus1865p1/d93', 'WILLIAM H. SEWARD'), ('frus1866p3/d175', 'Mr. Seward'), ('frus1866p3/d175', 'Señor Mendoza'), ('frus1866p3/d175', 'George Washington'), ('frus1866p3/d175', 'Señor Mendoza'), ('frus1866p3/d175', 'George Washington'), ('frus1866p3/d206', 'Mr. Seward'), ('frus1866p3/d69', 'LERDO DE TEJADA'), ('frus1872p2v5/d115', 'Mr. Campbell'), ('frus1872p2v5/d82', 'Messrs. Campbell'), ('frus1872p2v5/d82', 'ARCHIBALD CAMPBELL')]

 frus-ner-raw-control-filtered scored 64 / 64 refused [] not_scored []
 strict {'f1': 0.4127, 'gold': 406, 'hits': 149, 'precision': 0.4715, 'predicted': 316, 'recall': 0.367}  relaxed {'f1': 0.7091, 'gold': 406, 'hits': 256, 'precision': 0.8101, 'predicted': 316, 'recall': 0.6305}
   1861-1899 docs 18 strictF1 0.3664 relF1 0.7087 strictP 0.415 relP 0.8027 relR 0.6344 gold 186
   1900-1929 docs 15 strictF1 0.4091 relF1 0.7273 strictP 0.5455 relP 0.9697 relR 0.5818 gold 55
   1930-1945 docs 15 strictF1 0.4138 relF1 0.6897 strictP 0.4364 relP 0.7273 relR 0.6557 gold 61
   1946- docs 16 strictF1 0.4973 relF1 0.7135 strictP 0.5679 relP 0.8148 relR 0.6346 gold 104
  FP vols Counter({'frus1872p2v5': 17, 'frus1889': 7, 'frus1937v01': 6, 'frus1865p1': 3, 'frus1941v05': 3, 'frus1864p2': 2, 'frus1903': 1, 'frus1938v05': 1}) n 40
  FP: ['Anna', 'Dee', 'Fort Anderson', 'Wilmington', 'Bull', 'Rosario Strait', 'Haro', 'Arro', 'Fort Langley', 'Fraser River', 'Haro', 'Rosario Straits', 'Rosario', 'Fort Langley', 'Fraser River', 'Fraser River', 'Haro', 'Fort Langley', 'Rosario', 'Rosario Strait', 'Haro', 'JNO', 'Samoan', 'Samoan', 'Samoan', 'Samoan', 'Samoan', 'Samoan', 'Ramazan', 'Rickmers Reismühlen Rhederei', 'Seville', 'Wolf', 'Rudolf', 'Harding', 'Hunzedal', 'Harding', 'Puerto Caballo', 'Pacific', 'Dutch Timor', 'British Malaya']
  MISS vols Counter({'frus1865p1': 16, 'frus1864p2': 14, 'frus1866p3': 9, 'frus1872p2v5': 1}) n 40
  MISS: [('frus1864p2/d354', 'Lord Lyons'), ('frus1864p2/d354', 'Mr. Seward'), ('frus1864p2/d354', 'LYONS'), ('frus1864p2/d358', 'Mr. Seward'), ('frus1864p2/d358', 'Lord Lyons'), ('frus1864p2/d358', 'WILLIAM H. SEWARD'), ('frus1864p2/d358', 'Right Hon. Lord Lyons'), ('frus1864p2/d358', 'Mr. Seward'), ('frus1864p2/d358', 'Lord Lyons'), ('frus1864p2/d358', 'William H. Hall'), ('frus1864p2/d358', 'J. D. Coleman'), ('frus1864p2/d358', 'GIDEON WELLES'), ('frus1864p2/d47', 'Mr. Seward'), ('frus1864p2/d47', 'Mr. Adams'), ('frus1865p1/d280', 'Mr. Adams'), ('frus1865p1/d280', 'Mary E. Surratt'), ('frus1865p1/d280', 'Lewis Payne'), ('frus1865p1/d280', 'David E. Herold'), ('frus1865p1/d280', 'George Atzerodt'), ('frus1865p1/d280', 'Samuel A, Mudd'), ('frus1865p1/d280', 'Michael O’Laughlin'), ('frus1865p1/d280', 'Samuel Arnold'), ('frus1865p1/d280', 'Edward Spangler'), ('frus1865p1/d280', 'WILLIAM H. SEWARD'), ('frus1865p1/d366', 'Mr. Seward'), ('frus1865p1/d366', 'Mr. Adams'), ('frus1865p1/d366', 'WILLIAM H. SEWARD'), ('frus1865p1/d93', 'Mr. Seward'), ('frus1865p1/d93', 'Mr. Adams'), ('frus1865p1/d93', 'WILLIAM H. SEWARD'), ('frus1866p3/d175', 'Mr. Seward'), ('frus1866p3/d175', 'Hon. William H. Seward'), ('frus1866p3/d175', 'Señor Mendoza'), ('frus1866p3/d175', 'George Washington'), ('frus1866p3/d175', 'Señor Mendoza'), ('frus1866p3/d175', 'George Washington'), ('frus1866p3/d206', 'Mr. Seward'), ('frus1866p3/d206', 'Hon. William H. Seward'), ('frus1866p3/d69', 'LERDO DE TEJADA'), ('frus1872p2v5/d115', 'Mr. Campbell')]

manifest type list n 72
staged by band {'1861-1899': 18, '1900-1929': 18, '1930-1945': 18, '1946-': 18} unkeyed by band {'1900-1929': 3, '1930-1945': 3, '1946-': 2} seeded spans staged 92

collection-summary: {"added_by_annotator": 353, "by_band": {"1861-1899": {"added": 160, "docs": 18, "rejected": 18, "seeded_kept": 26, "spans": 186}, "1900-1929": {"added": 53, "docs": 15, "rejected": 15, "seeded_kept": 2, "spans": 55}, "1930-1945": {"added": 47, "docs": 15, "rejected": 1, "seeded_kept": 14, "spans": 61}, "1946-": {"added": 93, "docs": 16, "rejected": 1, "seeded_kept": 11, "spans": 104}}, "documents_annotated": 64, "documents_staged": 72, "documents_without_mentions": 2, "editor_spans_rejected": 35, "from_editor_markup": 53, "generated": "2026-09-12T20:07:54", "measured_markup_share": 0.1305, "mentions": 406}
