sqlite3 -readonly /Users/jbotts/frus-analysis/frus-copy.db ".tables"
sqlite3 -readonly /Users/jbotts/frus-analysis/frus-copy.db ".schema frus_documents" ".schema document_cache"
sqlite3 -readonly /Users/jbotts/frus-analysis/frus-copy.db "SELECT COUNT(*) FROM document_cache; SELECT COUNT(DISTINCT volume_id) FROM document_cache;"
sqlite3 -readonly /Users/jbotts/frus-analysis/frus-copy.db "SELECT COUNT(*) FROM frus_documents WHERE frus_documents MATCH 'canal';"
for t in canal isthmian isthmus "interoceanic" "inter-oceanic" panama nicaragua "clayton-bulwer" "hay-pauncefote" "hay-herran" "hay-bunau-varilla" "bunau-varilla" "spooner" "canal zone" "de lesseps" "tehuantepec" "darien" "atrato" "chiriqui"; do n=$(sqlite3 -readonly /Users/jbotts/frus-analysis/frus-copy.db "SELECT COUNT(*) FROM frus_documents WHERE frus_documents MATCH '\"$t\"';" 2>&1); echo -e "$t\t$n"; done
python3 -u -c "import json; m=json.load(open('/Applications/FRUS Explorer.app/Contents/Resources/manifest.json')); print(type(m), list(m.keys())[:10] if isinstance(m,dict) else len(m))"
sqlite3 -readonly /Users/jbotts/frus-analysis/frus-copy.db "SELECT volume_id, COUNT(*) c FROM frus_documents WHERE frus_documents MATCH 'canal' GROUP BY volume_id ORDER BY c DESC LIMIT 40;"
python3 -u -c "import json; m=json.load(open('/Applications/FRUS Explorer.app/Contents/Resources/manifest.json')); print(json.dumps(m[0],indent=1)[:1200]); print('---'); print(json.dumps(m[300],indent=1)[:900])"
python3 -u -c "<build volumes.tsv: volumeId, dateRange.earliest[:4], dateRange.latest[:4], publicationDate, title from manifest.json>"
sqlite3 -readonly /Users/jbotts/frus-analysis/frus-copy.db "SELECT COUNT(*) FROM frus_documents WHERE frus_documents MATCH 'canal';" > canal_by_vol.txt   # per-volume: SELECT volume_id, COUNT(*) FROM frus_documents WHERE frus_documents MATCH 'canal' GROUP BY volume_id;
sqlite3 -readonly /Users/jbotts/frus-analysis/frus-copy.db "SELECT volume_id, COUNT(*) FROM frus_documents WHERE frus_documents MATCH 'isthmian OR isthmus OR interoceanic' GROUP BY volume_id;" > isth_by_vol.txt
python3 -u -c "<decade histogram of canal_by_vol.txt and isth_by_vol.txt keyed on manifest dateRange.earliest>"
python3 -u -c "<rank isth_by_vol.txt against volumes.tsv, top 30>"
awk -F'\t' '$2<1861' volumes.tsv | head -20 ; sort -t$'\t' -k2,2 volumes.tsv | head -8 | cut -c1-140
sqlite3 -readonly /Users/jbotts/frus-analysis/frus-copy.db ".schema document_dates"
sqlite3 -readonly /Users/jbotts/frus-analysis/frus-copy.db "SELECT substr(dd.date_iso,1,3)||'0' AS dec, COUNT(*) FROM frus_documents f JOIN document_dates dd ON dd.volume_id=f.volume_id AND dd.document_id=f.document_id WHERE f.frus_documents MATCH 'isthmian OR interoceanic OR \"inter-oceanic\"' AND dd.date_iso IS NOT NULL GROUP BY dec ORDER BY dec;"
while IFS= read -r t; do n=$(sqlite3 -readonly /Users/jbotts/frus-analysis/frus-copy.db "SELECT COUNT(*) FROM frus_documents WHERE frus_documents MATCH '$t';"); echo -e "$n\t$t"; done < terms.txt | sort -rn
    # terms.txt held: "clayton-bulwer" "clayton bulwer" "hay-pauncefote" "hay pauncefote" "hay-herran" "hay herran"
    # "hay-bunau-varilla" "bunau-varilla" "frelinghuysen-zavala" "bryan-chamorro" "thomson-urrutia" "hull-alfaro"
    # "remon" "torrijos" "maritime canal company" "new granada" "treaty of 1846" "treaty of 1903" "canal zone"
    # "isthmian canal commission" "walker commission" "nicaragua canal" "panama canal" "ship canal" "interoceanic canal"
    # "canal route" "canal treaty" "sea-level canal" "universal interoceanic" "compagnie universelle" "panama railroad"
    # "right of way" "perpetuity" "tolls" "neutralization" "spooner act"
sqlite3 -readonly /Users/jbotts/frus-analysis/frus-copy.db "SELECT COUNT(*) FROM frus_documents WHERE frus_documents MATCH 'canal NOT (suez OR kiel OR \"st. lawrence\" OR erie)';"
sqlite3 -readonly /Users/jbotts/frus-analysis/frus-copy.db "SELECT COUNT(*) FROM frus_documents WHERE frus_documents MATCH 'canal AND suez';"
sqlite3 -readonly /Users/jbotts/frus-analysis/frus-copy.db "SELECT COUNT(*) FROM frus_documents WHERE frus_documents MATCH 'canal AND (panama OR isthmian OR isthmus OR interoceanic OR nicaragua OR colombia OR \"new granada\")';"
sqlite3 -readonly /Users/jbotts/frus-analysis/frus-copy.db ".schema volume_structures" ; sqlite3 -readonly /Users/jbotts/frus-analysis/frus-copy.db "SELECT * FROM volume_structures WHERE volume_id='frus1903' LIMIT 2;"
python3 -u -c "<walk structure_json for frus1903, frus1904, frus1912, frus1881, frus1879; print section titles matching canal|isthm|panama|nicaragua|colombia|granada|transit>"
python3 -u -c "<walk structure_json for ALL 552 volumes; collect section titles matching canal|isthm|interoceanic|inter-oceanic|ship-canal -> canal_sections.tsv>"
sort -t$'\t' -k3,3nr canal_sections.tsv | awk -F'\t' '{printf "%-20s %4s  %s\n",$1,$3,substr($4,1,120)}' | head -60
sqlite3 -readonly /Users/jbotts/frus-analysis/frus-copy.db "SELECT f.volume_id, f.document_id, substr(replace(dc.header,char(10),' '),1,95) FROM frus_documents f JOIN document_cache dc ON dc.volume_id=f.volume_id AND dc.document_id=f.document_id WHERE f.frus_documents MATCH 'header:(canal OR isthmus OR isthmian OR interoceanic)' ORDER BY f.volume_id LIMIT 400;"
sqlite3 -readonly /Users/jbotts/frus-analysis/frus-copy.db "SELECT dd.date_iso, f.volume_id, f.document_id, substr(replace(dc.header,char(10),' '),1,80) FROM frus_documents f JOIN document_dates dd ON dd.volume_id=f.volume_id AND dd.document_id=f.document_id JOIN document_cache dc ON dc.volume_id=f.volume_id AND dc.document_id=f.document_id WHERE f.frus_documents MATCH 'canal AND (isthmus OR isthmian OR interoceanic OR panama OR nicaragua OR \"new granada\")' AND dd.date_iso < '1870' ORDER BY dd.date_iso LIMIT 35;"
sqlite3 -readonly /Users/jbotts/frus-analysis/frus-copy.db ".schema persons" ".schema person_mentions"
for n in Bunau Pauncefote Herran Cromwell Lesseps Wyse Amador Concha Obaldia Chamorro Urrutia Alfaro Torrijos Bunker Linowitz Remon Zavala Frelinghuysen Squier; do sqlite3 -readonly /Users/jbotts/frus-analysis/frus-copy.db "SELECT DISTINCT name, COALESCE(role,''), COALESCE(start_year,''), COALESCE(end_year,'') FROM persons WHERE name LIKE '%$n%' LIMIT 4;"; done
sqlite3 -readonly /Users/jbotts/frus-analysis/frus-copy.db "SELECT COUNT(DISTINCT volume_id) FROM persons;"
sqlite3 -readonly /Users/jbotts/frus-analysis/frus-copy.db "SELECT volume_id, COUNT(*) FROM persons GROUP BY volume_id ORDER BY volume_id LIMIT 6;"
sqlite3 -readonly /Users/jbotts/frus-analysis/frus-copy.db "SELECT COUNT(DISTINCT volume_id) FROM persons WHERE volume_id LIKE 'frus18%' OR volume_id LIKE 'frus190%';"
sqlite3 -readonly /Users/jbotts/frus-analysis/frus-copy.db "CREATE TEMP TABLE cand AS SELECT f.volume_id v, f.document_id d FROM frus_documents f WHERE f.frus_documents MATCH 'canal AND (isthmus OR isthmian OR interoceanic OR \"inter-oceanic\" OR panama OR nicaragua OR colombia OR \"new granada\" OR darien OR tehuantepec OR \"costa rica\")'; SELECT COUNT(*) FROM cand; SELECT 'with_date', COUNT(*) FROM cand c JOIN document_dates dd ON dd.volume_id=c.v AND dd.document_id=c.d WHERE dd.date_iso IS NOT NULL; SELECT substr(dd.date_iso,1,3)||'0', COUNT(*) FROM cand c JOIN document_dates dd ON dd.volume_id=c.v AND dd.document_id=c.d WHERE dd.date_iso IS NOT NULL GROUP BY 1 ORDER BY 1;"
sqlite3 -readonly /Users/jbotts/frus-analysis/frus-copy.db "SELECT f.volume_id, f.document_id, substr(replace(coalesce(dc.header,''),char(10),' '),1,70), substr(replace(coalesce(dc.dateline,''),char(10),' '),1,40) FROM frus_documents f JOIN document_cache dc ON dc.volume_id=f.volume_id AND dc.document_id=f.document_id WHERE f.frus_documents MATCH '\"clayton-bulwer\"' ORDER BY f.volume_id;"
for q in '"hay-pauncefote"' '"hay-herran"' '"bunau-varilla"' '"bryan-chamorro"' '"thomson-urrutia"'; do sqlite3 -readonly /Users/jbotts/frus-analysis/frus-copy.db "SELECT f.volume_id||' '||f.document_id||'  '||substr(replace(coalesce(dc.header,''),char(10),' '),1,60) FROM frus_documents f JOIN document_cache dc ON dc.volume_id=f.volume_id AND dc.document_id=f.document_id WHERE f.frus_documents MATCH '$q' ORDER BY f.volume_id;" | head -20; done
sqlite3 -readonly /Users/jbotts/frus-analysis/frus-copy.db "SELECT f.volume_id, COUNT(*) FROM frus_documents f WHERE f.frus_documents MATCH 'canal AND (isthmus OR isthmian OR interoceanic OR panama OR nicaragua OR colombia OR \"costa rica\")' AND f.volume_id BETWEEN 'frus1879' AND 'frus1899zz' GROUP BY 1 ORDER BY 1;"
sqlite3 -readonly /Users/jbotts/frus-analysis/frus-copy.db "SELECT f.volume_id, f.document_id, substr(replace(coalesce(dc.header,''),char(10),' '),1,70) FROM frus_documents f JOIN document_cache dc ON dc.volume_id=f.volume_id AND dc.document_id=f.document_id WHERE f.frus_documents MATCH 'zavala AND canal';"
sqlite3 -readonly /Users/jbotts/frus-analysis/frus-copy.db ".schema document_sources" ".schema external_citations"
sqlite3 -readonly /Users/jbotts/frus-analysis/frus-copy.db "CREATE TEMP TABLE cand AS SELECT ... (same canal candidate set); SELECT 'cand',COUNT(*) FROM cand; SELECT 'with_source',COUNT(*) FROM cand c JOIN document_sources s ON s.volume_id=c.v AND s.document_id=c.d; SELECT s.decimal_class, COUNT(*) n FROM cand c JOIN document_sources s ... GROUP BY 1 ORDER BY n DESC LIMIT 20; SELECT s.lot_file_norm, COUNT(*) n ... LIMIT 15; SELECT s.repository, COUNT(*) n ... LIMIT 12;"
python3 -u -c "import json; d=json.load(open('/Applications/FRUS Explorer.app/Contents/Resources/decimal-class-labels.json')); print(list(d.keys())); print(json.dumps(d,indent=1)[:800])"
python3 -u -c "<decimal-class-labels.json schedules[0]: classes/countries/subjects counts and lookups for 11, 17, 19, 21>"
python3 -u -c "<decimal-class-labels.json: print every country code containing 'f' plus 11/17/19/21/23/25>"
sqlite3 -readonly /Users/jbotts/frus-analysis/frus-copy.db "SELECT volume_id, document_id, substr(raw_text,1,140) FROM document_sources WHERE decimal_class IN ('711F.1914','811F.504','817.812','819.74') LIMIT 12;"
sqlite3 -readonly /Users/jbotts/frus-analysis/frus-copy.db "CREATE TEMP TABLE cand AS SELECT ... ; SELECT s.citation_era, COUNT(*) FROM cand c JOIN document_sources s ON s.volume_id=c.v AND s.document_id=c.d GROUP BY 1 ORDER BY 2 DESC; SELECT c.v, COUNT(*) n FROM cand c LEFT JOIN document_sources s ON s.volume_id=c.v AND s.document_id=c.d WHERE s.volume_id IS NULL GROUP BY 1 ORDER BY n DESC LIMIT 8;"
sqlite3 -readonly /Users/jbotts/frus-analysis/frus-copy.db "SELECT substr(body_text,1,1500) FROM document_cache WHERE volume_id='frus1903' AND document_id='d321';"
python3 -u -c "import json; d=json.load(open('/Applications/FRUS Explorer.app/Contents/Resources/semantic-map-index.json')); print(list(d.keys())); print(len(d['clusters']))"
python3 -u -c "<semantic-map-index.json: print clusters whose JSON matches canal|isthm|panam|nicarag|zone>"
python3 -u -c "<document-subject-index.json: print vocab entries whose n/s/c/r matches canal|isthm|panama|nicaragua|waterway|transit>"
sqlite3 -readonly /Users/jbotts/frus-analysis/frus-copy.db ".schema document_subjects" ".schema document_subject_refs" ".schema document_subject_volumes" ; sqlite3 -readonly /Users/jbotts/frus-analysis/frus-copy.db "SELECT * FROM document_subjects LIMIT 3;"
sqlite3 -readonly /Users/jbotts/frus-analysis/frus-copy.db "CREATE TEMP TABLE cand AS SELECT ... ; SELECT 'ext_cit_rows', COUNT(*) FROM cand c JOIN external_citations e ON e.volume_id=c.v AND e.document_id=c.d; SELECT e.collection, COUNT(*) n ... LIMIT 15; SELECT e.lot_file_norm, COUNT(*) n ... LIMIT 10;"
grep -iE 'panama|isthm|canal' volumes.tsv | awk -F'\t' '{printf "%-22s %s-%s  %s\n",$1,$2,$3,substr($5,1,120)}'
sqlite3 -readonly /Users/jbotts/frus-analysis/frus-copy.db "SELECT volume_id, COUNT(*) FROM document_cache WHERE volume_id IN ('frus1969-76v22','frus1977-80v29') GROUP BY 1;"
python3 -u -c "<walk structure_json for frus1964-68v31, frus1961-63v12, frus1969-76v22, frus1977-80v29, frus1958-60v05; titles matching panama|canal|isthm>"
for q in 'bidlack' 'mallarino' '"treaty of 1846" AND canal' '"article xxxv"' '"thirty-fifth article"' 'wyse AND concession' '"maritime canal company"' '"panama congress"'; do sqlite3 -readonly /Users/jbotts/frus-analysis/frus-copy.db "SELECT COUNT(*) FROM frus_documents WHERE frus_documents MATCH '$q';"; done
python3 -u -c "<frus1903 structure_json: documentIds of the interoceanic-canal / revolution / freedom-of-transit sections>"
sqlite3 -readonly /Users/jbotts/frus-analysis/frus-copy.db "SELECT volume_id, COUNT(*) FROM frus_documents WHERE frus_documents MATCH '\"article xxxv\" OR \"thirty-fifth article\"' GROUP BY 1 ORDER BY 2 DESC LIMIT 12;"
sqlite3 -readonly /Users/jbotts/frus-analysis/frus-copy.db "SELECT COUNT(*) FROM frus_documents WHERE frus_documents MATCH 'canal AND (isthmus OR isthmian OR interoceanic OR \"inter-oceanic\" OR panama OR nicaragua OR colombia OR \"new granada\" OR darien OR tehuantepec) AND (treaty OR convention OR negotiation OR negotiate OR concession OR protocol OR ratification OR ratify OR \"right of way\" OR sovereignty OR grant)';"
sqlite3 -readonly /Users/jbotts/frus-analysis/frus-copy.db "SELECT volume_id, COUNT(*) n FROM frus_documents WHERE frus_documents MATCH 'canal AND (isthmus OR isthmian OR interoceanic OR \"inter-oceanic\" OR panama OR nicaragua OR colombia OR \"new granada\" OR darien OR tehuantepec) AND (treaty OR convention OR negotiation OR negotiate OR concession OR protocol OR ratification OR ratify OR \"right of way\" OR sovereignty OR grant)' GROUP BY 1 ORDER BY n DESC LIMIT 30;"
sqlite3 -readonly /Users/jbotts/frus-analysis/frus-copy.db "SELECT f.volume_id||' '||f.document_id||' :: '||substr(replace(dc.header,char(10),' '),1,80) FROM frus_documents f JOIN document_cache dc ON dc.volume_id=f.volume_id AND dc.document_id=f.document_id WHERE f.frus_documents MATCH '\"panama canal\" AND suez AND (sovereignty OR treaty)' AND f.volume_id LIKE 'frus1955-57v1%' LIMIT 8;"
sqlite3 -readonly /Users/jbotts/frus-analysis/frus-copy.db ".schema terms" ".schema cross_references" ".schema page_ranges"
sqlite3 -readonly /Users/jbotts/frus-analysis/frus-copy.db "SELECT COUNT(*) FROM frus_documents WHERE frus_documents MATCH 'neutral';"
sqlite3 -readonly /Users/jbotts/frus-analysis/frus-copy.db "SELECT COUNT(*) FROM frus_documents WHERE frus_documents MATCH 'neutralization';"
sqlite3 -readonly /Users/jbotts/frus-analysis/frus-copy.db "CREATE TEMP TABLE cand AS SELECT ... ; SELECT 'outbound_refs', COUNT(*) FROM cand c JOIN cross_references x ON x.source_volume_id=c.v AND x.source_document_id=c.d; SELECT 'broken', SUM(x.is_broken) ...; SELECT x.target_volume_id, x.target_document_id, COUNT(*) n FROM cross_references x JOIN cand c ON c.v=x.target_volume_id AND c.d=x.target_document_id GROUP BY 1,2 ORDER BY n DESC LIMIT 12;"
python3 -u -c "<document_subject_refs for frus1903 d105..d330 joined to document-subject-index.json vocab; top 15 subjects and count of tagged documents>"
python3 -u -c "<manifest.json: count tags containing canal/isthm/panama across 552 volumes; print canal-ish tags for frus1903, frus1904, frus1912, frus1977-80v29>"
python3 -u -c "<walk structure_json for frus1955-57v07, frus1952-54v04, frus1916, frus1934v05; titles matching panama|canal|nicaragua|colombia|isthm>"
sqlite3 -readonly /Users/jbotts/frus-analysis/frus-copy.db "SELECT volume_id, document_id, length(body_text), substr(replace(body_text,char(10),' '),1,190) FROM document_cache WHERE (volume_id='frus1904' AND document_id='d542') OR (volume_id='frus1901' AND document_id IN ('d232a','d233')) OR (volume_id='frus1902' AND document_id='d519');"
python3 -u -c "<digitized-ranges-index.json: keys, note, row count, sample row>"
python3 -u -c "<digitized-ranges-index.json: Counter over ranges[].decimalClass; lookups for 711F.1914, 811F.504, 817.812, 819.74, 711.21, 711, 819, 817; top 12>"
python3 -u -c "<central-files-index.json: top-level keys and shapes>"
python3 -u -c "<central-files-index.json countrySeries: per-series roll count and rolls whose JSON matches colombia|panama|new granada|nicaragua>"
